[gc/dataFetcher] Pipeline error: Metabase query failed (403): You don't have permissions to do that.
[GC Scheduler] Initial cycle error: Metabase query failed (403): You don't have permissions to do that.
[CampaignSync] Validation error: no such column: "" - should this be a string literal in single-quotes?
[roas-tracker] Excluded 96 ads with truncated API data (too few daily rows).
[roas-tracker] Excluded 96 ads with truncated API data (too few daily rows).
Meta ad-insights-daily error: DOMException [TimeoutError]: The operation was aborted due to timeout
    at node:internal/deps/undici/undici:14902:13
    at processTicksAndRejections (node:internal/process/task_queues:95:5)
    at runNextTicks (node:internal/process/task_queues:64:3)
    at process.processTimers (node:internal/timers:516:9)
    at async C:\Users\Dell\Desktop\creative-portal\uploader\server.js:2396:32
[roas-tracker] Excluded 96 ads with truncated API data (too few daily rows).
[ad-insights] Pagination error on page 12 : Please reduce the amount of data you're asking for, then retry your request
[roas-tracker] Excluded 96 ads with truncated API data (too few daily rows).
YouTube API: failed for "stock market india today": Request failed with status code 403
YouTube RSS: failed for Pranjal Kamra: Status code 404
Google Trends RSS: failed: Status code 404
News RSS: failed for Moneycontrol Markets: Status code 503
YouTube API: failed for "nifty banknifty analysis": Request failed with status code 403
YouTube API: failed for "options trading strategy": Request failed with status code 403
YouTube API: failed for "sensex nifty tomorrow": Request failed with status code 403
YouTube API: failed for "best stocks to buy india": Request failed with status code 403
News RSS: failed for BS Markets: Status code 403
YouTube RSS: failed for Shankar Nath: Status code 404
YouTube RSS: failed for Groww: Status code 404
YouTube RSS: failed for Zerodha Varsity: Status code 404
YouTube RSS: failed for FinnovationZ: Status code 404
YouTube RSS: failed for Asset Yogi: Status code 404
News RSS: failed for Financial Express Markets: Request timed out after 10000ms
News RSS: failed for Inc42 Fintech: Feed not recognized as RSS 1 or 2.
News RSS: failed for Reuters Finance: getaddrinfo ENOTFOUND feeds.reuters.com
[ad-insights] Pagination error on page 69 : Please reduce the amount of data you're asking for, then retry your request
[roas-tracker] Excluded 96 ads with truncated API data (too few daily rows).
[roas-tracker] Excluded 96 ads with truncated API data (too few daily rows).
[roas-tracker] Excluded 96 ads with truncated API data (too few daily rows).
[roas-tracker] Excluded 96 ads with truncated API data (too few daily rows).
[roas-tracker] Excluded 96 ads with truncated API data (too few daily rows).
[roas-tracker] Excluded 96 ads with truncated API data (too few daily rows).
[ad-insights] Page 7 fetch attempt 1 failed (ECONNRESET). Retrying...
Meta ad-insights-daily error: TypeError: fetch failed
    at node:internal/deps/undici/undici:14902:13
    at process.processTicksAndRejections (node:internal/process/task_queues:95:5)
    at async C:\Users\Dell\Desktop\creative-portal\uploader\server.js:2396:32 {
  [cause]: Error: getaddrinfo ENOTFOUND graph.facebook.com
      at GetAddrInfoReqWrap.onlookupall [as oncomplete] (node:dns:122:26) {
    errno: -3008,
    code: 'ENOTFOUND',
    syscall: 'getaddrinfo',
    hostname: 'graph.facebook.com'
  }
}
[roas-tracker] Meta returned 0 rows (likely rate limited). Skipping.
[roas-tracker] Excluded 96 ads with truncated API data (too few daily rows).
[ad-insights] Pagination error on page 16 : Application request limit reached
[roas-tracker] Excluded 108 ads with truncated API data (too few daily rows).
[roas-tracker] Excluded 108 ads with truncated API data (too few daily rows).
[gc/dataFetcher] Pipeline error: Metabase query failed (403): You don't have permissions to do that.
[GC Scheduler] 6-hour cycle error: Metabase query failed (403): You don't have permissions to do that.
Google Trends RSS: failed: Status code 404
YouTube API: failed for "stock market india today": Request failed with status code 403
YouTube RSS: failed for Pranjal Kamra: Status code 404
YouTube API: failed for "nifty banknifty analysis": Request failed with status code 403
YouTube API: failed for "options trading strategy": Request failed with status code 403
News RSS: failed for Moneycontrol Markets: Status code 503
YouTube API: failed for "sensex nifty tomorrow": Request failed with status code 403
YouTube API: failed for "best stocks to buy india": Request failed with status code 403
YouTube RSS: failed for Shankar Nath: Status code 404
News RSS: failed for BS Markets: Status code 403
YouTube RSS: failed for Groww: Status code 404
YouTube RSS: failed for Zerodha Varsity: Status code 404
YouTube RSS: failed for FinnovationZ: Status code 404
News RSS: failed for Financial Express Markets: Invalid character in entity name
Line: 0
Column: 220
Char: &
YouTube RSS: failed for Asset Yogi: Status code 404
News RSS: failed for Inc42 Fintech: Feed not recognized as RSS 1 or 2.
News RSS: failed for Reuters Finance: getaddrinfo ENOTFOUND feeds.reuters.com
[roas-tracker] Excluded 96 ads with truncated API data (too few daily rows).
[ad-insights] Page 13 fetch attempt 1 failed (ECONNRESET). Retrying...
[roas-tracker] Excluded 96 ads with truncated API data (too few daily rows).
[roas-tracker] Excluded 96 ads with truncated API data (too few daily rows).
[FE:DataQuality] Audit failed: fetch failed
[roas-tracker] Meta returned 0 rows (likely rate limited). Skipping.
[roas-tracker] Excluded 96 ads with truncated API data (too few daily rows).
[roas-tracker] Excluded 96 ads with truncated API data (too few daily rows).
[roas-tracker] Excluded 96 ads with truncated API data (too few daily rows).
[roas-tracker] Excluded 96 ads with truncated API data (too few daily rows).
[roas-tracker] Excluded 96 ads with truncated API data (too few daily rows).
[roas-tracker] Excluded 96 ads with truncated API data (too few daily rows).
[roas-tracker] Excluded 96 ads with truncated API data (too few daily rows).
[roas-tracker] Excluded 96 ads with truncated API data (too few daily rows).
[roas-tracker] Excluded 96 ads with truncated API data (too few daily rows).
[roas-tracker] Excluded 96 ads with truncated API data (too few daily rows).
[roas-tracker] Excluded 96 ads with truncated API data (too few daily rows).
[roas-tracker] Excluded 96 ads with truncated API data (too few daily rows).
[roas-tracker] Excluded 96 ads with truncated API data (too few daily rows).
YouTube API: failed for "stock market india today": Request failed with status code 403
Google Trends RSS: failed: Status code 404
YouTube API: failed for "nifty banknifty analysis": Request failed with status code 403
News RSS: failed for Moneycontrol Markets: Status code 503
YouTube RSS: failed for Pranjal Kamra: Status code 404
YouTube API: failed for "options trading strategy": Request failed with status code 403
YouTube API: failed for "sensex nifty tomorrow": Request failed with status code 403
YouTube API: failed for "best stocks to buy india": Request failed with status code 403
YouTube RSS: failed for Shankar Nath: Status code 404
YouTube RSS: failed for Groww: Status code 404
News RSS: failed for BS Markets: Status code 403
YouTube RSS: failed for Zerodha Varsity: Status code 404
YouTube RSS: failed for FinnovationZ: Status code 404
News RSS: failed for Financial Express Markets: Invalid character in entity name
Line: 0
Column: 220
Char: &
YouTube RSS: failed for Asset Yogi: Status code 404
News RSS: failed for Inc42 Fintech: Feed not recognized as RSS 1 or 2.
News RSS: failed for Reuters Finance: getaddrinfo ENOTFOUND feeds.reuters.com
Script generation failed for T001: Connection error.
Meta ad-insights-daily error: TypeError: fetch failed
    at node:internal/deps/undici/undici:14902:13
    at process.processTicksAndRejections (node:internal/process/task_queues:95:5)
    at async C:\Users\Dell\Desktop\creative-portal\uploader\server.js:2396:32 {
  [cause]: Error: getaddrinfo ENOTFOUND graph.facebook.com
      at GetAddrInfoReqWrap.onlookupall [as oncomplete] (node:dns:122:26) {
    errno: -3008,
    code: 'ENOTFOUND',
    syscall: 'getaddrinfo',
    hostname: 'graph.facebook.com'
  }
}
Metabase ad-funnel error: TypeError: fetch failed
    at node:internal/deps/undici/undici:14902:13
    at process.processTicksAndRejections (node:internal/process/task_queues:95:5)
    at async C:\Users\Dell\Desktop\creative-portal\uploader\server.js:2834:29 {
  [cause]: Error: getaddrinfo ENOTFOUND analytics.univest.in
      at GetAddrInfoReqWrap.onlookupall [as oncomplete] (node:dns:122:26) {
    errno: -3008,
    code: 'ENOTFOUND',
    syscall: 'getaddrinfo',
    hostname: 'analytics.univest.in'
  }
}
[roas-tracker] Meta returned 0 rows (likely rate limited). Skipping.
[roas-tracker] Excluded 96 ads with truncated API data (too few daily rows).
[gc-campaigns] Error: getaddrinfo ENOTFOUND googleads.googleapis.com
Script generation failed for T002: Connection error.
Script generation failed for T003: Connection error.
Script generation failed for T004: Connection error.
Metabase ad-funnel error: TypeError: fetch failed
    at node:internal/deps/undici/undici:14902:13
    at process.processTicksAndRejections (node:internal/process/task_queues:95:5)
    at async C:\Users\Dell\Desktop\creative-portal\uploader\server.js:2834:29 {
  [cause]: Error: getaddrinfo ENOTFOUND analytics.univest.in
      at GetAddrInfoReqWrap.onlookupall [as oncomplete] (node:dns:122:26) {
    errno: -3008,
    code: 'ENOTFOUND',
    syscall: 'getaddrinfo',
    hostname: 'analytics.univest.in'
  }
}
[roas-tracker] Excluded 96 ads with truncated API data (too few daily rows).
Script generation failed for T005: Connection error.
Script generation failed for T006: Connection error.
[ad-insights] Pagination error on page 9 : Application request limit reached
[roas-tracker] Excluded 98 ads with truncated API data (too few daily rows).
[roas-tracker] Excluded 98 ads with truncated API data (too few daily rows).
[gcRecommendations] Could not load top performers: no such column: c.headline
[gcRecommendations] Could not load underperformers: no such column: c.headline
[gcRecommendations] Could not load market signals: no such column: signal_type
[gc/dataFetcher] Pipeline error: Metabase query failed (403): You don't have permissions to do that.
[GC Scheduler] 6-hour cycle error: Metabase query failed (403): You don't have permissions to do that.
[AT Metabase Enricher] Failed to fetch Meta conversions: Metabase query failed (403): You don't have permissions to do that.
[AT Scheduler] enrich-meta error: Metabase query failed (403): You don't have permissions to do that.
YouTube API: failed for "stock market india today": Request failed with status code 403
[AT Metabase Enricher] Failed to fetch Google conversions: Metabase query failed (403): You don't have permissions to do that.
[AT Scheduler] enrich-google error: Metabase query failed (403): You don't have permissions to do that.
YouTube RSS: failed for Pranjal Kamra: Status code 404
News RSS: failed for Moneycontrol Markets: Status code 503
YouTube API: failed for "nifty banknifty analysis": Request failed with status code 403
YouTube API: failed for "options trading strategy": Request failed with status code 403
Google Trends RSS: failed: Status code 404
YouTube API: failed for "sensex nifty tomorrow": Request failed with status code 403
YouTube RSS: failed for Akshat Shrivastava: Status code 404
YouTube API: failed for "best stocks to buy india": Request failed with status code 403
YouTube RSS: failed for CA Rachana Phadke: Status code 404
YouTube RSS: failed for Shankar Nath: Status code 404
YouTube RSS: failed for Groww: Status code 404
YouTube RSS: failed for Zerodha Varsity: Status code 404
YouTube RSS: failed for FinnovationZ: Status code 404
YouTube RSS: failed for Asset Yogi: Status code 404
News RSS: failed for BS Markets: Status code 403
News RSS: failed for Financial Express Markets: Invalid character in entity name
Line: 0
Column: 220
Char: &
News RSS: failed for Inc42 Fintech: Feed not recognized as RSS 1 or 2.
News RSS: failed for Reuters Finance: getaddrinfo ENOTFOUND feeds.reuters.com
[roas-tracker] Excluded 98 ads with truncated API data (too few daily rows).
[roas-tracker] Excluded 98 ads with truncated API data (too few daily rows).
[roas-tracker] Excluded 98 ads with truncated API data (too few daily rows).
[FE:DataQuality] Audit failed: fetch failed
[roas-tracker] Excluded 98 ads with truncated API data (too few daily rows).
[roas-tracker] Excluded 98 ads with truncated API data (too few daily rows).
[roas-tracker] Excluded 98 ads with truncated API data (too few daily rows).
[roas-tracker] Excluded 98 ads with truncated API data (too few daily rows).
[roas-tracker] Excluded 98 ads with truncated API data (too few daily rows).
[roas-tracker] Excluded 98 ads with truncated API data (too few daily rows).
[roas-tracker] Excluded 98 ads with truncated API data (too few daily rows).
YouTube API: failed for "stock market india today": Request failed with status code 403
Google Trends RSS: failed: Status code 404
News RSS: failed for Moneycontrol Markets: Status code 503
YouTube RSS: failed for Pranjal Kamra: Status code 404
YouTube API: failed for "nifty banknifty analysis": Request failed with status code 403
YouTube API: failed for "options trading strategy": Request failed with status code 403
YouTube API: failed for "sensex nifty tomorrow": Request failed with status code 403
YouTube API: failed for "best stocks to buy india": Request failed with status code 403
News RSS: failed for BS Markets: Status code 403
YouTube RSS: failed for Shankar Nath: Status code 404
YouTube RSS: failed for Groww: Status code 404
YouTube RSS: failed for Zerodha Varsity: Status code 404
YouTube RSS: failed for FinnovationZ: Status code 404
News RSS: failed for Financial Express Markets: Invalid character in entity name
Line: 0
Column: 220
Char: &
YouTube RSS: failed for Asset Yogi: Status code 404
News RSS: failed for Inc42 Fintech: Feed not recognized as RSS 1 or 2.
News RSS: failed for Reuters Finance: getaddrinfo ENOTFOUND feeds.reuters.com
[roas-tracker] Excluded 98 ads with truncated API data (too few daily rows).
[roas-tracker] Excluded 98 ads with truncated API data (too few daily rows).
[roas-tracker] Excluded 98 ads with truncated API data (too few daily rows).
[roas-tracker] Excluded 98 ads with truncated API data (too few daily rows).
[roas-tracker] Excluded 98 ads with truncated API data (too few daily rows).
[roas-tracker] Excluded 98 ads with truncated API data (too few daily rows).
[roas-tracker] Excluded 98 ads with truncated API data (too few daily rows).
[roas-tracker] Excluded 98 ads with truncated API data (too few daily rows).
[roas-tracker] Excluded 98 ads with truncated API data (too few daily rows).
[roas-tracker] Excluded 98 ads with truncated API data (too few daily rows).
Meta ad-insights-daily error: DOMException [TimeoutError]: The operation was aborted due to timeout
    at node:internal/deps/undici/undici:14902:13
    at process.processTicksAndRejections (node:internal/process/task_queues:95:5)
    at async C:\Users\Dell\Desktop\creative-portal\uploader\server.js:2396:32
[roas-tracker] Meta returned 0 rows (likely rate limited). Skipping.
[roas-tracker] Excluded 98 ads with truncated API data (too few daily rows).
Meta ad-insights-daily error: DOMException [TimeoutError]: The operation was aborted due to timeout
    at node:internal/deps/undici/undici:14902:13
    at process.processTicksAndRejections (node:internal/process/task_queues:95:5)
    at async C:\Users\Dell\Desktop\creative-portal\uploader\server.js:2396:32
[roas-tracker] Meta returned 0 rows (likely rate limited). Skipping.
[roas-tracker] Excluded 98 ads with truncated API data (too few daily rows).
[roas-tracker] Excluded 98 ads with truncated API data (too few daily rows).
[roas-tracker] Excluded 98 ads with truncated API data (too few daily rows).
[roas-tracker] Excluded 98 ads with truncated API data (too few daily rows).
[roas-tracker] Excluded 98 ads with truncated API data (too few daily rows).
[roas-tracker] Excluded 98 ads with truncated API data (too few daily rows).
[CampaignSync] Meta API error: User request limit reached
[CampaignSync] Validation error: no such column: "" - should this be a string literal in single-quotes?
[roas-tracker] Excluded 98 ads with truncated API data (too few daily rows).
Meta ad-insights-daily error: DOMException [TimeoutError]: The operation was aborted due to timeout
    at node:internal/deps/undici/undici:14902:13
    at process.processTicksAndRejections (node:internal/process/task_queues:95:5)
    at async C:\Users\Dell\Desktop\creative-portal\uploader\server.js:2396:32
[roas-tracker] Meta returned 0 rows (likely rate limited). Skipping.
[roas-tracker] Excluded 98 ads with truncated API data (too few daily rows).
[roas-tracker] Excluded 98 ads with truncated API data (too few daily rows).
[roas-tracker] Excluded 98 ads with truncated API data (too few daily rows).
[roas-tracker] Excluded 98 ads with truncated API data (too few daily rows).
[ci/engine] collectSnapshots error: TypeError: fetch failed
    at node:internal/deps/undici/undici:14902:13
    at async collectSnapshots (C:\Users\Dell\Desktop\creative-portal\creative-intelligence\engine.js:86:38)
    at async runFullPipeline (C:\Users\Dell\Desktop\creative-portal\creative-intelligence\engine.js:797:35)
    at async Timeout._onTimeout (C:\Users\Dell\Desktop\creative-portal\creative-intelligence\engine.js:871:17) {
  [cause]: Error: read ECONNRESET
      at TLSWrap.onStreamRead (node:internal/stream_base_commons:218:20) {
    errno: -4077,
    code: 'ECONNRESET',
    syscall: 'read'
  }
}
[ci/engine] Full pipeline error: TypeError: fetch failed
    at node:internal/deps/undici/undici:14902:13
    at async collectSnapshots (C:\Users\Dell\Desktop\creative-portal\creative-intelligence\engine.js:86:38)
    at async runFullPipeline (C:\Users\Dell\Desktop\creative-portal\creative-intelligence\engine.js:797:35)
    at async Timeout._onTimeout (C:\Users\Dell\Desktop\creative-portal\creative-intelligence\engine.js:871:17) {
  [cause]: Error: read ECONNRESET
      at TLSWrap.onStreamRead (node:internal/stream_base_commons:218:20) {
    errno: -4077,
    code: 'ECONNRESET',
    syscall: 'read'
  }
}
[ci/engine] Scheduled pipeline run failed: fetch failed
[roas-tracker] Excluded 98 ads with truncated API data (too few daily rows).
[roas-tracker] Excluded 98 ads with truncated API data (too few daily rows).
[roas-tracker] Excluded 98 ads with truncated API data (too few daily rows).
[ad-insights] Pagination error on page 11 : Application request limit reached
[roas-tracker] Excluded 98 ads with truncated API data (too few daily rows).
[roas-tracker] Excluded 98 ads with truncated API data (too few daily rows).
[roas-tracker] Excluded 98 ads with truncated API data (too few daily rows).
Metabase ad-funnel error: TypeError: fetch failed
    at node:internal/deps/undici/undici:14902:13
    at async C:\Users\Dell\Desktop\creative-portal\uploader\server.js:2834:29 {
  [cause]: Error: read ECONNRESET
      at TLSWrap.onStreamRead (node:internal/stream_base_commons:218:20) {
    errno: -4077,
    code: 'ECONNRESET',
    syscall: 'read'
  }
}
[ad-insights] Page 16 fetch attempt 1 failed (ECONNRESET). Retrying...
[ad-insights] Page 20 fetch attempt 1 failed (ECONNRESET). Retrying...
[ad-insights] Page 20 fetch attempt 1 failed (ECONNRESET). Retrying...
[FE:DataQuality] Audit failed: This operation was aborted
[roas-tracker] Excluded 98 ads with truncated API data (too few daily rows).
[roas-tracker] Excluded 98 ads with truncated API data (too few daily rows).
[roas-tracker] Excluded 98 ads with truncated API data (too few daily rows).
[roas-tracker] Excluded 98 ads with truncated API data (too few daily rows).
YouTube API: failed for "stock market india today": Request failed with status code 403
News RSS: failed for Moneycontrol Markets: Status code 503
YouTube API: failed for "nifty banknifty analysis": Request failed with status code 403
Google Trends RSS: failed: Status code 404
YouTube RSS: failed for Pranjal Kamra: Status code 404
YouTube API: failed for "options trading strategy": Request failed with status code 403
YouTube API: failed for "sensex nifty tomorrow": Request failed with status code 403
YouTube API: failed for "best stocks to buy india": Request failed with status code 403
YouTube RSS: failed for Shankar Nath: Status code 404
News RSS: failed for BS Markets: Status code 403
YouTube RSS: failed for Groww: Status code 404
YouTube RSS: failed for Zerodha Varsity: Status code 404
YouTube RSS: failed for FinnovationZ: Status code 404
YouTube RSS: failed for Asset Yogi: Status code 404
News RSS: failed for Financial Express Markets: Invalid character in entity name
Line: 0
Column: 220
Char: &
News RSS: failed for Inc42 Fintech: Feed not recognized as RSS 1 or 2.
News RSS: failed for Reuters Finance: getaddrinfo ENOTFOUND feeds.reuters.com
[roas-tracker] Excluded 98 ads with truncated API data (too few daily rows).
[roas-tracker] Excluded 98 ads with truncated API data (too few daily rows).
[roas-tracker] Excluded 98 ads with truncated API data (too few daily rows).
[roas-tracker] Excluded 98 ads with truncated API data (too few daily rows).
[roas-tracker] Excluded 98 ads with truncated API data (too few daily rows).
[roas-tracker] Excluded 98 ads with truncated API data (too few daily rows).
[ad-insights] Pagination error on page 10 : Application request limit reached
[roas-tracker] Excluded 98 ads with truncated API data (too few daily rows).
[roas-tracker] Excluded 98 ads with truncated API data (too few daily rows).
[roas-tracker] Excluded 98 ads with truncated API data (too few daily rows).
[roas-tracker] Excluded 98 ads with truncated API data (too few daily rows).
[roas-tracker] Excluded 98 ads with truncated API data (too few daily rows).
[roas-tracker] Excluded 98 ads with truncated API data (too few daily rows).
[roas-tracker] Excluded 98 ads with truncated API data (too few daily rows).
[roas-tracker] Excluded 98 ads with truncated API data (too few daily rows).
[roas-tracker] Excluded 98 ads with truncated API data (too few daily rows).
[roas-tracker] Excluded 98 ads with truncated API data (too few daily rows).
[roas-tracker] Excluded 98 ads with truncated API data (too few daily rows).
[roas-tracker] Excluded 98 ads with truncated API data (too few daily rows).
[roas-tracker] Excluded 98 ads with truncated API data (too few daily rows).
[roas-tracker] Excluded 98 ads with truncated API data (too few daily rows).
