[GC Scheduler] Initializing...
[GC Scheduler] Cron jobs registered (data fetch, classify, score, briefs by type, forecast, signals)
Google Creative running on port 3003
[GC Scheduler] Starting data-fetch...
[gc/dataFetcher] === Step 1/4: Fetching Metabase adset data ===
[gc/dataFetcher] Fetching Metabase adset performance for last 90 days...
[GC Scheduler] Starting classify...
[gcClassifier] No creatives to classify
[GC Scheduler] classify completed 
[GC Scheduler] Starting score...
[gcScoring] No creatives found, skipping scoring.
[GC Scheduler] score completed 
[GC Scheduler] Starting signals...
[GC Signals] Fetching market signals for 2026-04-14...
[GC Signals] Fetched signals independently
[GC Signals] Stored: Nifty=23842.65, VIX=20.5, DXY=98.156, Sentiment=High Volatility/Bearish, Corr=null
[GC Scheduler] signals completed 
[GC Scheduler] Starting data-fetch...
[gc/dataFetcher] === Step 1/4: Fetching Metabase adset data ===
[gc/dataFetcher] Fetching Metabase adset performance for last 90 days...
[GC Scheduler] Starting classify...
[gcClassifier] No creatives to classify
[GC Scheduler] classify completed 
[GC Scheduler] Starting score...
[gcScoring] No creatives found, skipping scoring.
[GC Scheduler] score completed 
[GC Scheduler] Starting briefs-pmax...
