[ci/engine] Scheduler started. Interval: 24h. Next run: 2026-04-15T08:58:13.706Z
[CampaignSync] Ghost columns and sync_log table ensured
[CampaignSync] Scheduler starting (every 24h)
[CampaignSync] Ghost columns and sync_log table ensured
[roas-tracker] Scheduler starting (every 1h)
[Integrity] Scheduler armed — runs on start + every 6 hours
Creative Intelligence running on port 3007

============================================================
[Integrity] Running 5 data integrity tests...
============================================================
  [SKIP] Campaign ID extraction (1ms) — Metabase session token not configured — skipped
  [SKIP] Campaign ID <-> Meta API match rate (0ms) — Metabase or Meta API not configured — skipped
  [PASS] ROAS sanity check (12ms) — 48 ads checked — ROAS values within expected ranges (avg D6: 30.4%)
  [PASS] Revenue window alignment (1ms) — 23 ads checked — all revenue windows correctly ordered (D6 <= D15 <= D30 <= D60 <= Overall)
  [SKIP] Adset name normalization (0ms) — Metabase or Meta API not configured — skipped
============================================================
[Integrity] Done in 37ms — OK (2 pass, 0 fail, 0 warn, 3 skip)
============================================================

[CampaignSync] Running scheduled sync validation...
[CampaignSync] Starting ghost campaign deduplication...
[roas-tracker] Starting snapshot. Only test campaign ads with go-live >= 2026-03-10
[roas-tracker] Starting snapshot. Only test campaign ads with go-live >= 2026-03-10
[roas-tracker] Fetched 9867 Meta rows, 4055 funnel rows.
[roas-tracker] 0 test campaign rows → 0 ads with go-live >= 2026-03-10 (0 daily rows).
[roas-tracker] 0 creatives since 2026-03-10 (0 with funnel data).
[roas-tracker] 155 ads since 2026-03-10.
[roas-tracker] Upserted: 0 new, 155 updated. 0 need predictions.
[roas-tracker] Done. {"snapshots":0,"tracked":155,"newAds":0,"updated":155,"predicted":0}
[roas-tracker] Starting snapshot. Only test campaign ads with go-live >= 2026-03-10
[roas-tracker] Fetched 9867 Meta rows, 4055 funnel rows.
[roas-tracker] 0 test campaign rows → 0 ads with go-live >= 2026-03-10 (0 daily rows).
[roas-tracker] 0 creatives since 2026-03-10 (0 with funnel data).
[roas-tracker] 155 ads since 2026-03-10.
[roas-tracker] Upserted: 0 new, 155 updated. 0 need predictions.
[roas-tracker] Done. {"snapshots":0,"tracked":155,"newAds":0,"updated":155,"predicted":0}
[roas-tracker] Starting snapshot. Only test campaign ads with go-live >= 2026-03-10
[roas-tracker] Fetched 9867 Meta rows, 4064 funnel rows.
[roas-tracker] 0 test campaign rows → 0 ads with go-live >= 2026-03-10 (0 daily rows).
[roas-tracker] 0 creatives since 2026-03-10 (0 with funnel data).
[roas-tracker] 155 ads since 2026-03-10.
[roas-tracker] Upserted: 0 new, 155 updated. 0 need predictions.
[roas-tracker] Done. {"snapshots":0,"tracked":155,"newAds":0,"updated":155,"predicted":0}
[roas-tracker] Starting snapshot. Only test campaign ads with go-live >= 2026-03-10
[roas-tracker] Starting snapshot. Only test campaign ads with go-live >= 2026-03-10
[roas-tracker] Fetched 9892 Meta rows, 0 funnel rows.
[roas-tracker] 0 test campaign rows → 0 ads with go-live >= 2026-03-10 (0 daily rows).
[roas-tracker] 0 creatives since 2026-03-10 (0 with funnel data).
[roas-tracker] 155 ads since 2026-03-10.
[roas-tracker] Upserted: 0 new, 155 updated. 0 need predictions.
[roas-tracker] Done. {"snapshots":0,"tracked":155,"newAds":0,"updated":155,"predicted":0}
[Integrity] Scheduled 6-hour run starting...

============================================================
[Integrity] Running 5 data integrity tests...
============================================================
  [SKIP] Campaign ID extraction (0ms) — Metabase session token not configured — skipped
  [SKIP] Campaign ID <-> Meta API match rate (1ms) — Metabase or Meta API not configured — skipped
  [PASS] ROAS sanity check (2ms) — 23 ads checked — ROAS values within expected ranges (avg D6: 30.2%)
  [PASS] Revenue window alignment (1ms) — 23 ads checked — all revenue windows correctly ordered (D6 <= D15 <= D30 <= D60 <= Overall)
  [SKIP] Adset name normalization (0ms) — Metabase or Meta API not configured — skipped
============================================================
[Integrity] Done in 5ms — OK (2 pass, 0 fail, 0 warn, 3 skip)
============================================================

[roas-tracker] Starting snapshot. Only test campaign ads with go-live >= 2026-03-10
[roas-tracker] Starting snapshot. Only test campaign ads with go-live >= 2026-03-10
[roas-tracker] Fetched 9892 Meta rows, 4081 funnel rows.
[roas-tracker] 0 test campaign rows → 0 ads with go-live >= 2026-03-10 (0 daily rows).
[roas-tracker] 0 creatives since 2026-03-10 (0 with funnel data).
[roas-tracker] 155 ads since 2026-03-10.
[roas-tracker] Upserted: 0 new, 155 updated. 0 need predictions.
[roas-tracker] Done. {"snapshots":0,"tracked":155,"newAds":0,"updated":155,"predicted":0}
[roas-tracker] Starting snapshot. Only test campaign ads with go-live >= 2026-03-10
[roas-tracker] Fetched 9900 Meta rows, 4082 funnel rows.
[roas-tracker] 0 test campaign rows → 0 ads with go-live >= 2026-03-10 (0 daily rows).
[roas-tracker] 0 creatives since 2026-03-10 (0 with funnel data).
[roas-tracker] 155 ads since 2026-03-10.
[roas-tracker] Upserted: 0 new, 155 updated. 0 need predictions.
[roas-tracker] Done. {"snapshots":0,"tracked":155,"newAds":0,"updated":155,"predicted":0}
[roas-tracker] Starting snapshot. Only test campaign ads with go-live >= 2026-03-10
[roas-tracker] Fetched 9900 Meta rows, 4082 funnel rows.
[roas-tracker] 0 test campaign rows → 0 ads with go-live >= 2026-03-10 (0 daily rows).
[roas-tracker] 0 creatives since 2026-03-10 (0 with funnel data).
[roas-tracker] 155 ads since 2026-03-10.
[roas-tracker] Upserted: 0 new, 155 updated. 0 need predictions.
[roas-tracker] Done. {"snapshots":0,"tracked":155,"newAds":0,"updated":155,"predicted":0}
[roas-tracker] Starting snapshot. Only test campaign ads with go-live >= 2026-03-10
[Integrity] Scheduled 6-hour run starting...

============================================================
[Integrity] Running 5 data integrity tests...
============================================================
  [SKIP] Campaign ID extraction (1ms) — Metabase session token not configured — skipped
  [SKIP] Campaign ID <-> Meta API match rate (0ms) — Metabase or Meta API not configured — skipped
  [PASS] ROAS sanity check (2ms) — 23 ads checked — ROAS values within expected ranges (avg D6: 30.1%)
  [PASS] Revenue window alignment (0ms) — 23 ads checked — all revenue windows correctly ordered (D6 <= D15 <= D30 <= D60 <= Overall)
  [SKIP] Adset name normalization (0ms) — Metabase or Meta API not configured — skipped
============================================================
[Integrity] Done in 5ms — OK (2 pass, 0 fail, 0 warn, 3 skip)
============================================================

