[gc/dataFetcher] Pipeline error: Metabase query failed (403): You don't have permissions to do that.
[GC Scheduler] Initial cycle error: Metabase query failed (403): You don't have permissions to do that.
[CampaignSync] Meta API error: User request limit reached
[CampaignSync] Validation error: no such column: "" - should this be a string literal in single-quotes?
[roas-tracker] Excluded 124 ads with truncated API data (too few daily rows).
[apex-breakdowns] hourly unavailable: Please reduce the amount of data you're asking for, then retry your request
[gc/dataFetcher] Pipeline error: Metabase query failed (403): You don't have permissions to do that.
[GC Scheduler] 6-hour cycle error: Metabase query failed (403): You don't have permissions to do that.
[gcRecommendations] Could not load top performers: no such column: c.headline
[gcRecommendations] Could not load underperformers: no such column: c.headline
[gcRecommendations] Could not load market signals: no such column: signal_type
[AT Metabase Enricher] Failed to fetch Meta conversions: Metabase query failed (403): You don't have permissions to do that.
[AT Scheduler] enrich-meta error: Metabase query failed (403): You don't have permissions to do that.
YouTube API: failed for "stock market india today": Request failed with status code 403
News RSS: failed for Moneycontrol Markets: Request timed out after 10000ms
Google Trends RSS: failed: Request timed out after 10000ms
Reddit: failed to fetch r/IndiaInvestments: timeout of 10000ms exceeded
Trends24: failed: timeout of 10000ms exceeded
Tickertape: failed: timeout of 10000ms exceeded
YouTube API: failed for "nifty banknifty analysis": timeout of 10000ms exceeded
[AT Metabase Enricher] Failed to fetch Google conversions: Metabase query failed (403): You don't have permissions to do that.
[AT Scheduler] enrich-google error: Metabase query failed (403): You don't have permissions to do that.
YouTube RSS: failed for Pranjal Kamra: Status code 404
ET Markets: failed: aborted
YouTube API: failed for "options trading strategy": Request failed with status code 403
YouTube API: failed for "sensex nifty tomorrow": Request failed with status code 403
YouTube API: failed for "best stocks to buy india": Request failed with status code 403
YouTube RSS: failed for Shankar Nath: Status code 404
YouTube RSS: failed for Groww: Status code 404
YouTube RSS: failed for Zerodha Varsity: Status code 404
YouTube RSS: failed for FinnovationZ: Status code 404
YouTube RSS: failed for Asset Yogi: Status code 404
News RSS: failed for BS Markets: Status code 403
News RSS: failed for Financial Express Markets: Invalid character in entity name
Line: 0
Column: 220
Char: &
News RSS: failed for Inc42 Fintech: Feed not recognized as RSS 1 or 2.
News RSS: failed for Reuters Finance: getaddrinfo ENOTFOUND feeds.reuters.com
[roas-tracker] Excluded 124 ads with truncated API data (too few daily rows).
[roas-tracker] Excluded 124 ads with truncated API data (too few daily rows).
[roas-tracker] Excluded 124 ads with truncated API data (too few daily rows).
[roas-tracker] Excluded 124 ads with truncated API data (too few daily rows).
[roas-tracker] Excluded 124 ads with truncated API data (too few daily rows).
[roas-tracker] Excluded 124 ads with truncated API data (too few daily rows).
[ad-insights] Pagination error on page 23 : Application request limit reached
[roas-tracker] Excluded 124 ads with truncated API data (too few daily rows).
[ad-insights] Pagination error on page 24 : Application request limit reached
[roas-tracker] Excluded 124 ads with truncated API data (too few daily rows).
[roas-tracker] Excluded 124 ads with truncated API data (too few daily rows).
[predictor] AI prediction failed: fetch failed
[predictor] AI prediction failed: fetch failed
[predictor] AI prediction failed: fetch failed
[predictor] AI prediction failed: fetch failed
[predictor] AI prediction failed: fetch failed
[predictor] AI prediction failed: fetch failed
[predictor] AI prediction failed: fetch failed
[predictor] AI prediction failed: fetch failed
[predictor] AI prediction failed: fetch failed
[predictor] AI prediction failed: fetch failed
[predictor] AI prediction failed: fetch failed
[predictor] AI prediction failed: fetch failed
[predictor] AI prediction failed: fetch failed
[predictor] AI prediction failed: fetch failed
[predictor] AI prediction failed: fetch failed
[predictor] AI prediction failed: fetch failed
[predictor] AI prediction failed: fetch failed
[predictor] AI prediction failed: fetch failed
[predictor] AI prediction failed: fetch failed
[predictor] AI prediction failed: fetch failed
[predictor] AI prediction failed: fetch failed
[predictor] AI prediction failed: fetch failed
[predictor] AI prediction failed: fetch failed
[predictor] AI prediction failed: fetch failed
[predictor] AI prediction failed: fetch failed
[predictor] AI prediction failed: fetch failed
[predictor] AI prediction failed: fetch failed
[predictor] AI prediction failed: fetch failed
[predictor] AI prediction failed: fetch failed
[predictor] AI prediction failed: fetch failed
[predictor] AI prediction failed: fetch failed
[predictor] AI prediction failed: fetch failed
[predictor] AI prediction failed: fetch failed
[predictor] AI prediction failed: fetch failed
[roas-tracker] Excluded 124 ads with truncated API data (too few daily rows).
[roas-tracker] Excluded 124 ads with truncated API data (too few daily rows).
[roas-tracker] Excluded 124 ads with truncated API data (too few daily rows).
[roas-tracker] Excluded 124 ads with truncated API data (too few daily rows).
[roas-tracker] Excluded 124 ads with truncated API data (too few daily rows).
[gc/dataFetcher] Pipeline error: Metabase query failed (403): You don't have permissions to do that.
[GC] fetch error: Metabase query failed (403): You don't have permissions to do that.
[ad-insights] Page 12 fetch attempt 1 failed (ECONNRESET). Retrying...
[ad-insights] Page 12 fetch attempt 1 failed (ECONNRESET). Retrying...
[roas-tracker] Excluded 124 ads with truncated API data (too few daily rows).
[roas-tracker] Excluded 124 ads with truncated API data (too few daily rows).
[roas-tracker] Excluded 124 ads with truncated API data (too few daily rows).
[roas-tracker] Excluded 124 ads with truncated API data (too few daily rows).
[roas-tracker] Excluded 124 ads with truncated API data (too few daily rows).
[roas-tracker] Excluded 124 ads with truncated API data (too few daily rows).
[ad-insights] Page 4 fetch attempt 1 failed (ECONNRESET). Retrying...
[ad-insights] Page 4 fetch attempt 1 failed (ECONNRESET). Retrying...
[ad-insights] Page 4 fetch attempt 1 failed (ECONNRESET). Retrying...
[ad-insights] Pagination error on page 14 : Application request limit reached
[roas-tracker] Excluded 124 ads with truncated API data (too few daily rows).
[ad-insights] Page 16 fetch attempt 1 failed (ECONNRESET). Retrying...
[ad-insights] Page 19 fetch attempt 1 failed (ECONNRESET). Retrying...
[ad-insights] Page 16 fetch attempt 1 failed (ECONNRESET). Retrying...
[predictor] AI prediction failed: fetch failed
[ad-insights] Page 15 fetch attempt 1 failed (ECONNRESET). Retrying...
[ad-insights] Page 18 fetch attempt 1 failed (ECONNRESET). Retrying...
[predictor] AI prediction failed: fetch failed
[predictor] AI prediction failed: fetch failed
[predictor] AI prediction failed: fetch failed
[predictor] AI prediction failed: fetch failed
[predictor] AI prediction failed: fetch failed
[predictor] AI prediction failed: fetch failed
[predictor] AI prediction failed: fetch failed
[predictor] AI prediction failed: fetch failed
[predictor] AI prediction failed: fetch failed
[predictor] AI prediction failed: fetch failed
[predictor] AI prediction failed: fetch failed
[predictor] AI prediction failed: fetch failed
[predictor] AI prediction failed: fetch failed
[predictor] AI prediction failed: fetch failed
[predictor] AI prediction failed: fetch failed
[predictor] AI prediction failed: fetch failed
[predictor] AI prediction failed: fetch failed
[predictor] AI prediction failed: fetch failed
[predictor] AI prediction failed: fetch failed
[predictor] AI prediction failed: fetch failed
[predictor] AI prediction failed: fetch failed
[predictor] AI prediction failed: fetch failed
[predictor] AI prediction failed: fetch failed
[predictor] AI prediction failed: fetch failed
[predictor] AI prediction failed: fetch failed
[predictor] AI prediction failed: fetch failed
[predictor] AI prediction failed: fetch failed
[predictor] AI prediction failed: fetch failed
[predictor] AI prediction failed: fetch failed
[predictor] AI prediction failed: fetch failed
[predictor] AI prediction failed: fetch failed
[predictor] AI prediction failed: fetch failed
[predictor] AI prediction failed: fetch failed
[predictor] AI prediction failed: fetch failed
[predictor] AI prediction failed: fetch failed
[predictor] AI prediction failed: fetch failed
[predictor] AI prediction failed: fetch failed
[predictor] AI prediction failed: fetch failed
[predictor] AI prediction failed: fetch failed
[predictor] AI prediction failed: fetch failed
[predictor] AI prediction failed: fetch failed
[predictor] AI prediction failed: fetch failed
[predictor] AI prediction failed: fetch failed
[predictor] AI prediction failed: fetch failed
[predictor] AI prediction failed: fetch failed
[predictor] AI prediction failed: fetch failed
[predictor] AI prediction failed: fetch failed
[predictor] AI prediction failed: fetch failed
Meta ad-insights-daily error: TypeError: fetch failed
    at node:internal/deps/undici/undici:14902:13
    at process.processTicksAndRejections (node:internal/process/task_queues:95:5)
    at async C:\Users\Dell\Desktop\creative-portal\uploader\server.js:3304:32 {
  [cause]: Error: getaddrinfo ENOTFOUND graph.facebook.com
      at GetAddrInfoReqWrap.onlookupall [as oncomplete] (node:dns:122:26) {
    errno: -3008,
    code: 'ENOTFOUND',
    syscall: 'getaddrinfo',
    hostname: 'graph.facebook.com'
  }
}
Meta ad-insights-daily error: TypeError: fetch failed
    at node:internal/deps/undici/undici:14902:13
    at process.processTicksAndRejections (node:internal/process/task_queues:95:5)
    at async C:\Users\Dell\Desktop\creative-portal\uploader\server.js:3304:32 {
  [cause]: Error: getaddrinfo ENOTFOUND graph.facebook.com
      at GetAddrInfoReqWrap.onlookupall [as oncomplete] (node:dns:122:26) {
    errno: -3008,
    code: 'ENOTFOUND',
    syscall: 'getaddrinfo',
    hostname: 'graph.facebook.com'
  }
}
Meta ad-insights-daily error: TypeError: fetch failed
    at node:internal/deps/undici/undici:14902:13
    at process.processTicksAndRejections (node:internal/process/task_queues:95:5)
    at async C:\Users\Dell\Desktop\creative-portal\uploader\server.js:3304:32 {
  [cause]: Error: getaddrinfo ENOTFOUND graph.facebook.com
      at GetAddrInfoReqWrap.onlookupall [as oncomplete] (node:dns:122:26) {
    errno: -3008,
    code: 'ENOTFOUND',
    syscall: 'getaddrinfo',
    hostname: 'graph.facebook.com'
  }
}
[predictor] AI prediction failed: fetch failed
[roas-tracker] Meta returned 0 rows (likely rate limited). Skipping.
[roas-tracker] Meta returned 0 rows (likely rate limited). Skipping.
[roas-tracker] Meta returned 0 rows (likely rate limited). Skipping.
[predictor] AI prediction failed: fetch failed
[predictor] AI prediction failed: fetch failed
[predictor] AI prediction failed: fetch failed
Meta ad-insights-daily error: TypeError: fetch failed
    at node:internal/deps/undici/undici:14902:13
    at process.processTicksAndRejections (node:internal/process/task_queues:95:5)
    at async C:\Users\Dell\Desktop\creative-portal\uploader\server.js:3304:32 {
  [cause]: Error: getaddrinfo ENOTFOUND graph.facebook.com
      at GetAddrInfoReqWrap.onlookupall [as oncomplete] (node:dns:122:26) {
    errno: -3008,
    code: 'ENOTFOUND',
    syscall: 'getaddrinfo',
    hostname: 'graph.facebook.com'
  }
}
Meta ad-insights-daily error: TypeError: fetch failed
    at node:internal/deps/undici/undici:14902:13
    at process.processTicksAndRejections (node:internal/process/task_queues:95:5)
    at async C:\Users\Dell\Desktop\creative-portal\uploader\server.js:3304:32 {
  [cause]: Error: getaddrinfo ENOTFOUND graph.facebook.com
      at GetAddrInfoReqWrap.onlookupall [as oncomplete] (node:dns:122:26) {
    errno: -3008,
    code: 'ENOTFOUND',
    syscall: 'getaddrinfo',
    hostname: 'graph.facebook.com'
  }
}
[predictor] AI prediction failed: fetch failed
[predictor] AI prediction failed: fetch failed
[predictor] AI prediction failed: fetch failed
[predictor] AI prediction failed: fetch failed
[roas-tracker] Meta returned 0 rows (likely rate limited). Skipping.
[roas-tracker] Meta returned 0 rows (likely rate limited). Skipping.
[predictor] AI prediction failed: fetch failed
[predictor] AI prediction failed: fetch failed
[predictor] AI prediction failed: fetch failed
[predictor] AI prediction failed: fetch failed
[predictor] AI prediction failed: fetch failed
[predictor] AI prediction failed: fetch failed
[predictor] AI prediction failed: fetch failed
[predictor] AI prediction failed: fetch failed
[predictor] AI prediction failed: fetch failed
[predictor] AI prediction failed: fetch failed
[predictor] AI prediction failed: fetch failed
[predictor] AI prediction failed: fetch failed
[predictor] AI prediction failed: fetch failed
[predictor] AI prediction failed: fetch failed
[predictor] AI prediction failed: fetch failed
[predictor] AI prediction failed: fetch failed
[predictor] AI prediction failed: fetch failed
[predictor] AI prediction failed: fetch failed
[predictor] AI prediction failed: fetch failed
[predictor] AI prediction failed: fetch failed
[predictor] AI prediction failed: fetch failed
[predictor] AI prediction failed: fetch failed
[predictor] AI prediction failed: fetch failed
[predictor] AI prediction failed: fetch failed
[predictor] AI prediction failed: fetch failed
[predictor] AI prediction failed: fetch failed
[predictor] AI prediction failed: fetch failed
[predictor] AI prediction failed: fetch failed
[predictor] AI prediction failed: fetch failed
[predictor] AI prediction failed: fetch failed
[predictor] AI prediction failed: fetch failed
[predictor] AI prediction failed: fetch failed
[predictor] AI prediction failed: fetch failed
[predictor] AI prediction failed: fetch failed
[predictor] AI prediction failed: fetch failed
[predictor] AI prediction failed: fetch failed
[predictor] AI prediction failed: fetch failed
[predictor] AI prediction failed: fetch failed
[predictor] AI prediction failed: fetch failed
[predictor] AI prediction failed: fetch failed
[predictor] AI prediction failed: fetch failed
[predictor] AI prediction failed: fetch failed
[predictor] AI prediction failed: fetch failed
[predictor] AI prediction failed: fetch failed
[predictor] AI prediction failed: fetch failed
[predictor] AI prediction failed: fetch failed
[predictor] AI prediction failed: fetch failed
[predictor] AI prediction failed: fetch failed
[predictor] AI prediction failed: fetch failed
[predictor] AI prediction failed: fetch failed
[predictor] AI prediction failed: fetch failed
[predictor] AI prediction failed: fetch failed
[predictor] AI prediction failed: fetch failed
[predictor] AI prediction failed: fetch failed
[predictor] AI prediction failed: fetch failed
[predictor] AI prediction failed: fetch failed
[predictor] AI prediction failed: fetch failed
[predictor] AI prediction failed: fetch failed
[predictor] AI prediction failed: fetch failed
[predictor] AI prediction failed: fetch failed
[predictor] AI prediction failed: fetch failed
[predictor] AI prediction failed: fetch failed
[predictor] AI prediction failed: fetch failed
[predictor] AI prediction failed: fetch failed
[predictor] AI prediction failed: fetch failed
[predictor] AI prediction failed: fetch failed
[predictor] AI prediction failed: fetch failed
[predictor] AI prediction failed: fetch failed
[predictor] AI prediction failed: fetch failed
[predictor] AI prediction failed: fetch failed
[predictor] AI prediction failed: fetch failed
[predictor] AI prediction failed: fetch failed
[predictor] AI prediction failed: fetch failed
[predictor] AI prediction failed: fetch failed
[predictor] AI prediction failed: fetch failed
[predictor] AI prediction failed: fetch failed
[predictor] AI prediction failed: fetch failed
[predictor] AI prediction failed: fetch failed
[predictor] AI prediction failed: fetch failed
[predictor] AI prediction failed: fetch failed
[predictor] AI prediction failed: fetch failed
[predictor] AI prediction failed: fetch failed
[predictor] AI prediction failed: fetch failed
[predictor] AI prediction failed: fetch failed
[predictor] AI prediction failed: fetch failed
[predictor] AI prediction failed: fetch failed
[predictor] AI prediction failed: fetch failed
[predictor] AI prediction failed: fetch failed
[predictor] AI prediction failed: fetch failed
[predictor] AI prediction failed: fetch failed
[predictor] AI prediction failed: fetch failed
[predictor] AI prediction failed: fetch failed
[predictor] AI prediction failed: fetch failed
[predictor] AI prediction failed: fetch failed
[predictor] AI prediction failed: fetch failed
[predictor] AI prediction failed: fetch failed
[predictor] AI prediction failed: fetch failed
[predictor] AI prediction failed: fetch failed
[predictor] AI prediction failed: fetch failed
[predictor] AI prediction failed: fetch failed
[predictor] AI prediction failed: fetch failed
[predictor] AI prediction failed: fetch failed
[predictor] AI prediction failed: fetch failed
[predictor] AI prediction failed: fetch failed
[predictor] AI prediction failed: fetch failed
[predictor] AI prediction failed: fetch failed
[predictor] AI prediction failed: fetch failed
[predictor] AI prediction failed: fetch failed
[predictor] AI prediction failed: fetch failed
[predictor] AI prediction failed: fetch failed
[predictor] AI prediction failed: fetch failed
[predictor] AI prediction failed: fetch failed
[predictor] AI prediction failed: fetch failed
[predictor] AI prediction failed: fetch failed
[predictor] AI prediction failed: fetch failed
[predictor] AI prediction failed: fetch failed
[predictor] AI prediction failed: fetch failed
[predictor] AI prediction failed: fetch failed
[predictor] AI prediction failed: fetch failed
[predictor] AI prediction failed: fetch failed
[predictor] AI prediction failed: fetch failed
[predictor] AI prediction failed: fetch failed
[predictor] AI prediction failed: fetch failed
[predictor] AI prediction failed: fetch failed
[predictor] AI prediction failed: fetch failed
[predictor] AI prediction failed: fetch failed
[predictor] AI prediction failed: fetch failed
[predictor] AI prediction failed: fetch failed
[predictor] AI prediction failed: fetch failed
[predictor] AI prediction failed: fetch failed
[predictor] AI prediction failed: fetch failed
[predictor] AI prediction failed: fetch failed
[predictor] AI prediction failed: fetch failed
[predictor] AI prediction failed: fetch failed
[predictor] AI prediction failed: fetch failed
[predictor] AI prediction failed: fetch failed
[predictor] AI prediction failed: fetch failed
[predictor] AI prediction failed: fetch failed
[predictor] AI prediction failed: fetch failed
[predictor] AI prediction failed: fetch failed
[predictor] AI prediction failed: fetch failed
[predictor] AI prediction failed: fetch failed
[predictor] AI prediction failed: fetch failed
[predictor] AI prediction failed: fetch failed
[predictor] AI prediction failed: fetch failed
[predictor] AI prediction failed: fetch failed
[predictor] AI prediction failed: fetch failed
[predictor] AI prediction failed: fetch failed
[predictor] AI prediction failed: fetch failed
[predictor] AI prediction failed: fetch failed
[predictor] AI prediction failed: fetch failed
[predictor] AI prediction failed: fetch failed
[predictor] AI prediction failed: fetch failed
[predictor] AI prediction failed: fetch failed
[predictor] AI prediction failed: fetch failed
[predictor] AI prediction failed: fetch failed
[predictor] AI prediction failed: fetch failed
[predictor] AI prediction failed: fetch failed
[predictor] AI prediction failed: fetch failed
[predictor] AI prediction failed: fetch failed
[predictor] AI prediction failed: fetch failed
[predictor] AI prediction failed: fetch failed
[predictor] AI prediction failed: fetch failed
[predictor] AI prediction failed: fetch failed
[predictor] AI prediction failed: fetch failed
[predictor] AI prediction failed: fetch failed
[predictor] AI prediction failed: fetch failed
[predictor] AI prediction failed: fetch failed
[predictor] AI prediction failed: fetch failed
[predictor] AI prediction failed: fetch failed
[predictor] AI prediction failed: fetch failed
[predictor] AI prediction failed: fetch failed
[predictor] AI prediction failed: fetch failed
[predictor] AI prediction failed: fetch failed
[predictor] AI prediction failed: fetch failed
[predictor] AI prediction failed: fetch failed
[predictor] AI prediction failed: fetch failed
[predictor] AI prediction failed: fetch failed
[predictor] AI prediction failed: fetch failed
[predictor] AI prediction failed: fetch failed
[predictor] AI prediction failed: fetch failed
[predictor] AI prediction failed: fetch failed
[predictor] AI prediction failed: fetch failed
[predictor] AI prediction failed: fetch failed
[predictor] AI prediction failed: fetch failed
[predictor] AI prediction failed: fetch failed
[predictor] AI prediction failed: fetch failed
[predictor] AI prediction failed: fetch failed
[predictor] AI prediction failed: fetch failed
[predictor] AI prediction failed: fetch failed
[predictor] AI prediction failed: fetch failed
[predictor] AI prediction failed: fetch failed
[predictor] AI prediction failed: fetch failed
[predictor] AI prediction failed: fetch failed
[predictor] AI prediction failed: fetch failed
[predictor] AI prediction failed: fetch failed
[predictor] AI prediction failed: fetch failed
[predictor] AI prediction failed: fetch failed
[predictor] AI prediction failed: fetch failed
[predictor] AI prediction failed: fetch failed
[predictor] AI prediction failed: fetch failed
[predictor] AI prediction failed: fetch failed
[predictor] AI prediction failed: fetch failed
[predictor] AI prediction failed: fetch failed
[predictor] AI prediction failed: fetch failed
[predictor] AI prediction failed: fetch failed
[predictor] AI prediction failed: fetch failed
[predictor] AI prediction failed: fetch failed
[predictor] AI prediction failed: fetch failed
[predictor] AI prediction failed: fetch failed
[predictor] AI prediction failed: fetch failed
[predictor] AI prediction failed: fetch failed
[predictor] AI prediction failed: fetch failed
[predictor] AI prediction failed: fetch failed
[predictor] AI prediction failed: fetch failed
[predictor] AI prediction failed: fetch failed
[predictor] AI prediction failed: fetch failed
[predictor] AI prediction failed: fetch failed
[predictor] AI prediction failed: fetch failed
[predictor] AI prediction failed: fetch failed
[predictor] AI prediction failed: fetch failed
[predictor] AI prediction failed: fetch failed
[predictor] AI prediction failed: fetch failed
[predictor] AI prediction failed: fetch failed
[predictor] AI prediction failed: fetch failed
[predictor] AI prediction failed: fetch failed
[predictor] AI prediction failed: fetch failed
[predictor] AI prediction failed: fetch failed
[predictor] AI prediction failed: fetch failed
[predictor] AI prediction failed: fetch failed
[predictor] AI prediction failed: fetch failed
[predictor] AI prediction failed: fetch failed
[predictor] AI prediction failed: fetch failed
[predictor] AI prediction failed: fetch failed
[predictor] AI prediction failed: fetch failed
[predictor] AI prediction failed: fetch failed
[predictor] AI prediction failed: fetch failed
[predictor] AI prediction failed: fetch failed
[predictor] AI prediction failed: fetch failed
[predictor] AI prediction failed: fetch failed
[predictor] AI prediction failed: fetch failed
[predictor] AI prediction failed: fetch failed
[predictor] AI prediction failed: fetch failed
[predictor] AI prediction failed: fetch failed
[predictor] AI prediction failed: fetch failed
[predictor] AI prediction failed: fetch failed
[predictor] AI prediction failed: fetch failed
[predictor] AI prediction failed: fetch failed
[predictor] AI prediction failed: fetch failed
[predictor] AI prediction failed: fetch failed
[predictor] AI prediction failed: fetch failed
[predictor] AI prediction failed: fetch failed
[predictor] AI prediction failed: fetch failed
[predictor] AI prediction failed: fetch failed
[predictor] AI prediction failed: fetch failed
[predictor] AI prediction failed: fetch failed
[predictor] AI prediction failed: fetch failed
[predictor] AI prediction failed: fetch failed
[predictor] AI prediction failed: fetch failed
[predictor] AI prediction failed: fetch failed
[predictor] AI prediction failed: fetch failed
[predictor] AI prediction failed: fetch failed
[predictor] AI prediction failed: fetch failed
[predictor] AI prediction failed: fetch failed
[predictor] AI prediction failed: fetch failed
[predictor] AI prediction failed: fetch failed
[predictor] AI prediction failed: fetch failed
[predictor] AI prediction failed: fetch failed
[predictor] AI prediction failed: fetch failed
[predictor] AI prediction failed: fetch failed
[predictor] AI prediction failed: fetch failed
[predictor] AI prediction failed: fetch failed
[predictor] AI prediction failed: fetch failed
[predictor] AI prediction failed: fetch failed
[predictor] AI prediction failed: fetch failed
[predictor] AI prediction failed: fetch failed
[predictor] AI prediction failed: fetch failed
[predictor] AI prediction failed: fetch failed
[predictor] AI prediction failed: fetch failed
[predictor] AI prediction failed: fetch failed
[roas-tracker] Excluded 124 ads with truncated API data (too few daily rows).
